[09-08 14:06:44] keepalive daemon started (60s interval)
[09-08 14:22:47] backend DOWN -> restarting
[09-08 14:22:47] killed stale backend pid=25630
[09-08 14:22:47] backend started
[09-08 16:43:32] api_loop DOWN -> restarting
[09-08 16:43:32] api_loop started
[09-09 02:06:31] keepalive daemon started (60s interval)
[09-09 02:06:31] backend DOWN -> restarting
[09-09 02:06:31] backend started
[09-09 02:07:38] backend DOWN -> restarting
[09-09 02:07:38] backend started
[09-09 02:08:44] backend DOWN -> restarting
[09-09 02:08:44] backend started
[09-09 02:09:50] backend DOWN -> restarting
[09-09 02:09:50] backend started
[09-09 02:10:56] backend DOWN -> restarting
[09-09 02:10:56] backend started
[09-09 02:10:57] keepalive daemon started (60s interval)
[09-09 02:10:57] backend DOWN -> restarting
[09-09 02:10:57] backend started
